[

{
"title"    : "",
"category" : "",
"tags"     : "",
"url"      : "/404.html",
"date"     : ""
} ,

{
"title"    : "4C Training model",
"category" : "",
"tags"     : "",
"url"      : "/activities/4C_model.html",
"date"     : ""
} ,

{
"title"    : "",
"category" : "",
"tags"     : "",
"url"      : "/LICENSE.html",
"date"     : ""
} ,

{
"title"    : "The mission of the Samman Technical Coaching Society",
"category" : "",
"tags"     : "",
"url"      : "/society/about_society.html",
"date"     : ""
} ,

{
"title"    : "Tim MÃ¼ller",
"category" : "",
"tags"     : "",
"url"      : "/society/contributors/agmsytim.html",
"date"     : ""
} ,

{
"title"    : "Samman Coaching Society Verbal Aikido Dojo",
"category" : "",
"tags"     : "",
"url"      : "/society/events/aikido_dojo_2024_nov.html",
"date"     : ""
} ,

{
"title"    : "Samman Coaching Society Online Open Space Events",
"category" : "",
"tags"     : "",
"url"      : "/society/events/all_open_space_events.html",
"date"     : ""
} ,

{
"title"    : "Approval Testing Legacy Code series",
"category" : "",
"tags"     : "",
"url"      : "/learning_hours/series/approval_testing.html",
"date"     : ""
} ,

{
"title"    : "Learning Hours",
"category" : "",
"tags"     : "",
"url"      : "/learning_hours/approval_testing_bdd.html",
"date"     : ""
} ,

{
"title"    : "Approval Testing Learning Objectives",
"category" : "",
"tags"     : "",
"url"      : "/exercises/warm_up_questions/approval_testing_learning_outcomes.html",
"date"     : ""
} ,

{
"title"    : "Learning Hours",
"category" : "",
"tags"     : "",
"url"      : "/learning_hours/approval_testing_texttest.html",
"date"     : ""
} ,

{
"title"    : "Unit testing vs testing at another level",
"category" : "",
"tags"     : "",
"url"      : "/exercises/warm_up_questions/approval_testing_vs_unit_testing.html",
"date"     : ""
} ,

{
"title"    : "Approval Testing",
"category" : "",
"tags"     : "",
"url"      : "/exercises/warm_up_questions/approval_testing_warm_up_questions.html",
"date"     : ""
} ,

{
"title"    : "Learning Hours - Architecture",
"category" : "",
"tags"     : "",
"url"      : "/learning_hours/architecture.html",
"date"     : ""
} ,

{
"title"    : "Anders Arnholm",
"category" : "",
"tags"     : "",
"url"      : "/society/contributors/balp.html",
"date"     : ""
} ,

{
"title"    : "Learning Hours",
"category" : "",
"tags"     : "",
"url"      : "/learning_hours/bdd.html",
"date"     : ""
} ,

{
"title"    : "BDD Tasks and Activities",
"category" : "",
"tags"     : "",
"url"      : "/exercises/games/bdd_tasks_activities.html",
"date"     : ""
} ,

{
"title"    : "Clare Sudbery",
"category" : "",
"tags"     : "",
"url"      : "/society/contributors/claresudbery.html",
"date"     : ""
} ,

{
"title"    : "Samman Society Code of Conduct",
"category" : "",
"tags"     : "",
"url"      : "/society/code_of_conduct.html",
"date"     : ""
} ,

{
"title"    : "Learning Hours",
"category" : "",
"tags"     : "",
"url"      : "/learning_hours/code_reading.html",
"date"     : ""
} ,

{
"title"    : "Code Reading Practice - Scanning for Code Smells",
"category" : "",
"tags"     : "",
"url"      : "/exercises/code_reading.html",
"date"     : ""
} ,

{
"title"    : "Peter Kofler",
"category" : "",
"tags"     : "",
"url"      : "/society/contributors/codecop.html",
"date"     : ""
} ,

{
"title"    : "Activities for New Concept",
"category" : "",
"tags"     : "",
"url"      : "/activities/concept.html",
"date"     : ""
} ,

{
"title"    : "Activities for Conclusions",
"category" : "",
"tags"     : "",
"url"      : "/activities/conclusions.html",
"date"     : ""
} ,

{
"title"    : "Activities for Concrete Practice",
"category" : "",
"tags"     : "",
"url"      : "/activities/concrete.html",
"date"     : ""
} ,

{
"title"    : "Activities for Connect",
"category" : "",
"tags"     : "",
"url"      : "/activities/connect.html",
"date"     : ""
} ,

{
"title"    : "Contact",
"category" : "",
"tags"     : "",
"url"      : "/contact.html",
"date"     : ""
} ,

{
"title"    : "Code Coverage",
"category" : "",
"tags"     : "",
"url"      : "/exercises/warm_up_questions/coverage_warm_up_questions.html",
"date"     : ""
} ,

{
"title"    : "Deliver Learning Hours - Samman Coaching Training",
"category" : "",
"tags"     : "",
"url"      : "/training/deliver_learning_hours.html",
"date"     : ""
} ,

{
"title"    : "Learning Hours",
"category" : "",
"tags"     : "",
"url"      : "/learning_hours/devops.html",
"date"     : ""
} ,

{
"title"    : "Dimitri Merejkowsky",
"category" : "",
"tags"     : "",
"url"      : "/society/contributors/dmerejkowsky.html",
"date"     : ""
} ,

{
"title"    : "",
"category" : "",
"tags"     : "",
"url"      : "/docker-compose.yml",
"date"     : ""
} ,

{
"title"    : "EsterDaniel Ytterbrink",
"category" : "",
"tags"     : "",
"url"      : "/society/contributors/edytterbrink.html",
"date"     : ""
} ,

{
"title"    : "Emily Bache",
"category" : "",
"tags"     : "",
"url"      : "/society/contributors/emilybache.html",
"date"     : ""
} ,

{
"title"    : "Learning Hours",
"category" : "",
"tags"     : "",
"url"      : "/learning_hours/ensemble.html",
"date"     : ""
} ,

{
"title"    : "Ensemble Working - Definition",
"category" : "",
"tags"     : "",
"url"      : "/reference/ensemble_definition.html",
"date"     : ""
} ,

{
"title"    : "Test Failure messages",
"category" : "",
"tags"     : "",
"url"      : "/exercises/games/failure_messages.html",
"date"     : ""
} ,

{
"title"    : "Fredrik Wendt",
"category" : "",
"tags"     : "",
"url"      : "/society/contributors/fredrikwendt.html",
"date"     : ""
} ,

{
"title"    : "Technical Coaching Programme",
"category" : "",
"tags"     : "",
"url"      : "/training/full_package.html",
"date"     : ""
} ,

{
"title"    : "Learning Hours",
"category" : "",
"tags"     : "",
"url"      : "/learning_hours/git.html",
"date"     : ""
} ,

{
"title"    : "Talking without syntax details",
"category" : "",
"tags"     : "",
"url"      : "/exercises/warm_up_questions/go_syntax.html",
"date"     : ""
} ,

{
"title"    : "Gregor Riegler",
"category" : "",
"tags"     : "",
"url"      : "/society/contributors/gregorriegler.html",
"date"     : ""
} ,

{
"title"    : "Guided Learning Hours - Samman Coaching Training",
"category" : "",
"tags"     : "",
"url"      : "/training/guided_learning_hours.html",
"date"     : ""
} ,

{
"title"    : "Exercises",
"category" : "",
"tags"     : "",
"url"      : "/exercises/",
"date"     : ""
} ,

{
"title"    : "Workshops",
"category" : "",
"tags"     : "",
"url"      : "/workshops/",
"date"     : ""
} ,

{
"title"    : "Samman Coaching Training",
"category" : "",
"tags"     : "",
"url"      : "/training/",
"date"     : ""
} ,

{
"title"    : "Activities",
"category" : "",
"tags"     : "",
"url"      : "/activities/",
"date"     : ""
} ,

{
"title"    : "Learning Hours",
"category" : "",
"tags"     : "",
"url"      : "/learning_hours/",
"date"     : ""
} ,

{
"title"    : "Kata Descriptions",
"category" : "",
"tags"     : "",
"url"      : "/kata_descriptions/",
"date"     : ""
} ,

{
"title"    : "The Samman Technical Coaching Society",
"category" : "",
"tags"     : "",
"url"      : "/society/",
"date"     : ""
} ,

{
"title"    : "Samman Technical Coaching",
"category" : "",
"tags"     : "",
"url"      : "/",
"date"     : ""
} ,

{
"title"    : "Samman Coaches and Site Contributors",
"category" : "",
"tags"     : "",
"url"      : "/society/contributors/",
"date"     : ""
} ,

{
"title"    : "Reference Materials",
"category" : "",
"tags"     : "",
"url"      : "/reference/",
"date"     : ""
} ,

{
"title"    : "Code Smells",
"category" : "",
"tags"     : "",
"url"      : "/reference/code_smells/",
"date"     : ""
} ,

{
"title"    : "Refactorings",
"category" : "",
"tags"     : "",
"url"      : "/reference/refactorings/",
"date"     : ""
} ,

{
"title"    : "Samman Coaching Society Events",
"category" : "",
"tags"     : "",
"url"      : "/society/events/",
"date"     : ""
} ,

{
"title"    : "Introducing Ensemble - Samman Coaching Training",
"category" : "",
"tags"     : "",
"url"      : "/training/introducing_ensemble.html",
"date"     : ""
} ,

{
"title"    : "Llewellyn Falco",
"category" : "",
"tags"     : "",
"url"      : "/society/contributors/isidore.html",
"date"     : ""
} ,

{
"title"    : "Jacob Mossberg",
"category" : "",
"tags"     : "",
"url"      : "/society/contributors/jmossberg.html",
"date"     : ""
} ,

{
"title"    : "Johan Lodin",
"category" : "",
"tags"     : "",
"url"      : "/society/contributors/jolod.html",
"date"     : ""
} ,

{
"title"    : "Julien VITTE",
"category" : "",
"tags"     : "",
"url"      : "/society/contributors/julienvitte.html",
"date"     : ""
} ,

{
"title"    : "Learning Hours",
"category" : "",
"tags"     : "",
"url"      : "/learning_hours/learning_hour_explanation.html",
"date"     : ""
} ,

{
"title"    : "Learning Hours By Author",
"category" : "",
"tags"     : "",
"url"      : "/learning_hours/learning_hours_by_author.html",
"date"     : ""
} ,

{
"title"    : "Learning Hours By Kata",
"category" : "",
"tags"     : "",
"url"      : "/learning_hours/learning_hours_by_kata.html",
"date"     : ""
} ,

{
"title"    : "Learning Hours By Tag",
"category" : "",
"tags"     : "",
"url"      : "/learning_hours/learning_hours_by_tag.html",
"date"     : ""
} ,

{
"title"    : "Learning Hours By Topic",
"category" : "",
"tags"     : "",
"url"      : "/learning_hours/learning_hours_by_topic.html",
"date"     : ""
} ,

{
"title"    : "Learning Hours Masterclass - Samman Coaching Training",
"category" : "",
"tags"     : "",
"url"      : "/training/learning_hours_masterclass.html",
"date"     : ""
} ,

{
"title"    : "Learning Hours with accompanying video",
"category" : "",
"tags"     : "",
"url"      : "/learning_hours/series/learning_hours_with_video.html",
"date"     : ""
} ,

{
"title"    : "Learning Hours",
"category" : "",
"tags"     : "",
"url"      : "/learning_hours/legacy.html",
"date"     : ""
} ,

{
"title"    : "Legacy Code",
"category" : "",
"tags"     : "",
"url"      : "/exercises/warm_up_questions/legacy_code_warm_up_questions.html",
"date"     : ""
} ,

{
"title"    : "Working with C",
"category" : "",
"tags"     : "",
"url"      : "/learning_hours/low_level_c.html",
"date"     : ""
} ,

{
"title"    : "About Membership of the Samman Technical Coaching Society",
"category" : "",
"tags"     : "",
"url"      : "/society/membership.html",
"date"     : ""
} ,

{
"title"    : "Samuel Ytterbrink",
"category" : "",
"tags"     : "",
"url"      : "/society/contributors/neppord.html",
"date"     : ""
} ,

{
"title"    : "Newsletter",
"category" : "",
"tags"     : "",
"url"      : "/newsletter.html",
"date"     : ""
} ,

{
"title"    : "Newsletter",
"category" : "",
"tags"     : "",
"url"      : "/newsletter_and_guide.html",
"date"     : ""
} ,

{
"title"    : "Samman Coaching Society Online Open Space Event",
"category" : "",
"tags"     : "",
"url"      : "/society/events/next_open_space.html",
"date"     : ""
} ,

{
"title"    : "Nitsan Avni",
"category" : "",
"tags"     : "",
"url"      : "/society/contributors/nitsanavni.html",
"date"     : ""
} ,

{
"title"    : "Olof Bjarnason",
"category" : "",
"tags"     : "",
"url"      : "/society/contributors/objarni.html",
"date"     : ""
} ,

{
"title"    : "Sign up successful",
"category" : "",
"tags"     : "",
"url"      : "/society/events/open_dojo_signup_thankyou.html",
"date"     : ""
} ,

{
"title"    : "Samman Society Open Ensemble Event",
"category" : "",
"tags"     : "",
"url"      : "/society/events/open_ensemble_2023-06-21.html",
"date"     : ""
} ,

{
"title"    : "Sign up successful",
"category" : "",
"tags"     : "",
"url"      : "/society/events/open_ensemble_signup_thankyou.html",
"date"     : ""
} ,

{
"title"    : "Samman Coaching Society Online Open Learning Hour",
"category" : "",
"tags"     : "",
"url"      : "/society/events/open_learning_hour.html",
"date"     : ""
} ,

{
"title"    : "Sign up successful",
"category" : "",
"tags"     : "",
"url"      : "/society/events/open_space_signup_thankyou.html",
"date"     : ""
} ,

{
"title"    : "Pair by Confidence",
"category" : "",
"tags"     : "",
"url"      : "/exercises/games/pair_by_confidence.html",
"date"     : ""
} ,

{
"title"    : "Peter Gfader",
"category" : "",
"tags"     : "",
"url"      : "/society/contributors/peitor.html",
"date"     : ""
} ,

{
"title"    : "Personal 1-1 mentoring and Train-the-trainer",
"category" : "",
"tags"     : "",
"url"      : "/training/personal_coaching.html",
"date"     : ""
} ,

{
"title"    : "Peter Fichtner",
"category" : "",
"tags"     : "",
"url"      : "/society/contributors/pfichtner.html",
"date"     : ""
} ,

{
"title"    : "Philippe Bourgau",
"category" : "",
"tags"     : "",
"url"      : "/society/contributors/philou.html",
"date"     : ""
} ,

{
"title"    : "Pierrick Blons",
"category" : "",
"tags"     : "",
"url"      : "/society/contributors/pierrickblons.html",
"date"     : ""
} ,

{
"title"    : "Privacy Policy",
"category" : "",
"tags"     : "",
"url"      : "/society/privacy_policy.html",
"date"     : ""
} ,

{
"title"    : "Refactoring series",
"category" : "",
"tags"     : "",
"url"      : "/learning_hours/series/refactoring.html",
"date"     : ""
} ,

{
"title"    : "Learning Hours",
"category" : "",
"tags"     : "",
"url"      : "/learning_hours/refactoring.html",
"date"     : ""
} ,

{
"title"    : "Refactoring Principles",
"category" : "",
"tags"     : "",
"url"      : "/exercises/warm_up_questions/refactoring_warm_up_questions.html",
"date"     : ""
} ,

{
"title"    : "Ron Heywood",
"category" : "",
"tags"     : "",
"url"      : "/society/contributors/ronheywood.html",
"date"     : ""
} ,

{
"title"    : "",
"category" : "",
"tags"     : "",
"url"      : "/assets/js/search-data.json",
"date"     : ""
} ,

{
"title"    : "",
"category" : "",
"tags"     : "",
"url"      : "/search.json",
"date"     : ""
} ,

{
"title"    : "Learning Hours",
"category" : "",
"tags"     : "",
"url"      : "/learning_hours/small_steps.html",
"date"     : ""
} ,

{
"title"    : "Sponsor the Samman Coaching Society",
"category" : "",
"tags"     : "",
"url"      : "/society/sponsorship.html",
"date"     : ""
} ,

{
"title"    : "",
"category" : "",
"tags"     : "",
"url"      : "/assets/css/styles.css",
"date"     : ""
} ,

{
"title"    : "Option A",
"category" : "",
"tags"     : "",
"url"      : "/exercises/consequences/tdd_overview_A.html",
"date"     : ""
} ,

{
"title"    : "Option B",
"category" : "",
"tags"     : "",
"url"      : "/exercises/consequences/tdd_overview_B.html",
"date"     : ""
} ,

{
"title"    : "Option C",
"category" : "",
"tags"     : "",
"url"      : "/exercises/consequences/tdd_overview_C.html",
"date"     : ""
} ,

{
"title"    : "Option D",
"category" : "",
"tags"     : "",
"url"      : "/exercises/consequences/tdd_overview_D.html",
"date"     : ""
} ,

{
"title"    : "What would you do? TDD Overview",
"category" : "",
"tags"     : "",
"url"      : "/exercises/warm_up_questions/tdd_overview_what_would_you_do.html",
"date"     : ""
} ,

{
"title"    : "Order of TDD steps",
"category" : "",
"tags"     : "",
"url"      : "/exercises/games/tdd_steps_in_order.html",
"date"     : ""
} ,

{
"title"    : "Technical Coach - Definition",
"category" : "",
"tags"     : "",
"url"      : "/reference/technical_coach_definition.html",
"date"     : ""
} ,

{
"title"    : "Ten Sample Learning Hours",
"category" : "",
"tags"     : "",
"url"      : "/learning_hours/series/ten_sample.html",
"date"     : ""
} ,

{
"title"    : "Learning Hours",
"category" : "",
"tags"     : "",
"url"      : "/learning_hours/test_design.html",
"date"     : ""
} ,

{
"title"    : "Test Design series",
"category" : "",
"tags"     : "",
"url"      : "/learning_hours/series/test_design.html",
"date"     : ""
} ,

{
"title"    : "Learning Hours",
"category" : "",
"tags"     : "",
"url"      : "/learning_hours/test_doubles.html",
"date"     : ""
} ,

{
"title"    : "Learning Hours",
"category" : "",
"tags"     : "",
"url"      : "/learning_hours/testable_design.html",
"date"     : ""
} ,

{
"title"    : "Xavi Ametller",
"category" : "",
"tags"     : "",
"url"      : "/society/contributors/xaviametller.html",
"date"     : ""
} ,

{
"title"    : "Yoan Thirion",
"category" : "",
"tags"     : "",
"url"      : "/society/contributors/ythirion.html",
"date"     : ""
} ,

{
"title"    : "",
"category" : "",
"tags"     : "",
"url"      : "/feed.xml",
"date"     : ""
} ,

{
"title"    : "",
"category" : "",
"tags"     : "",
"url"      : "/sitemap.xml",
"date"     : ""
} ,

{
"title"    : "",
"category" : "",
"tags"     : "",
"url"      : "/robots.txt",
"date"     : ""
} 

]
